
> proplist-vite@0.1.0 build
> vite build

[36mvite v6.4.1 [32mbuilding for production...[36m[39m
transforming...
[32m✓[39m 1122 modules transformed.
✗ Build failed in 2.25s
error during build:
[vite:load-fallback] Could not load C:\Users\maik\Documents\Projects\estate-web\lib/auth-client (imported by components/auth/AuthContext.tsx): ENOENT: no such file or directory, open 'C:\Users\maik\Documents\Projects\estate-web\lib\auth-client'
    at async open (node:internal/fs/promises:633:25)
    at async Object.readFile (node:internal/fs/promises:1237:14)
    at async Object.handler (file:///C:/Users/maik/Documents/Projects/estate-web/node_modules/vite/dist/node/chunks/dep-D4NMHUTW.js:45872:27)
    at async PluginDriver.hookFirstAndGetPlugin (file:///C:/Users/maik/Documents/Projects/estate-web/node_modules/rollup/dist/es/shared/node-entry.js:22453:28)
    at async file:///C:/Users/maik/Documents/Projects/estate-web/node_modules/rollup/dist/es/shared/node-entry.js:21445:33
    at async Queue.work (file:///C:/Users/maik/Documents/Projects/estate-web/node_modules/rollup/dist/es/shared/node-entry.js:22681:32)
